// Jest Snapshot v1, https://goo.gl/fbAQLP

exports[`Render MovieCatalog Should MovieCatalog 8 films render correctly 1`] = `
<section
  className="catalog"
>
  <h2
    className="catalog__title visually-hidden"
  >
    Catalog
  </h2>
  <MovieGenresList
    activeGenre="Action"
    genresList={
      Array [
        "Action",
        "Adventure",
        "Comedy",
        "Crime",
        "Drama",
        "Fantasy",
        "Thriller",
      ]
    }
    onGenreClick={[Function]}
  />
  <MovieList
    films={
      Array [
        Object {
          "backgroundColor": "#ffffff",
          "backgroundImage": "bg-the-grand-budapest-hotel.jpg",
          "description": "In the 1930s, the Grand Budapest Hotel is a popular European ski resort, presided over by concierge Gustave H. (Ralph Fiennes). Zero, a junior lobby boy, becomes Gustave's friend and protege.
  Gustave prides himself on providing first-class service to the hotel's guests, including satisfying the sexual needs of the many elderly women who stay there. When one of Gustave's lovers dies mysteriously, Gustave finds himself the recipient of a priceless painting and the chief suspect in her murder.",
          "director": "Wes Andreson",
          "genre": "Comedy",
          "id": 1,
          "isFavorite": true,
          "name": "The Grand Budapest Hotel",
          "posterImage": "the-grand-budapest-hotel-poster.jpg",
          "previewImage": "bg-the-grand-budapest-hotel.jpg",
          "previewVideoLink": "https://download.blender.org/durian/trailer/sintel_trailer-480p.mp4",
          "rating": 8.9,
          "released": 2014,
          "runTime": 99,
          "scoresCount": 240,
          "starring": Array [
            "Bill Murray",
            "Edward Norton",
            "Jude Law",
            "Willem Dafoe",
            "Saoirse Ronan",
          ],
        },
        Object {
          "backgroundColor": "#ffffff",
          "backgroundImage": "bg-the-grand-budapest-hotel.jpg",
          "description": "In the 1930s, the Grand Budapest Hotel is a popular European ski resort, presided over by concierge Gustave H. (Ralph Fiennes). Zero, a junior lobby boy, becomes Gustave's friend and protege.
  Gustave prides himself on providing first-class service to the hotel's guests, including satisfying the sexual needs of the many elderly women who stay there. When one of Gustave's lovers dies mysteriously, Gustave finds himself the recipient of a priceless painting and the chief suspect in her murder.",
          "director": "Wes Andreson",
          "genre": "Comedy",
          "id": 1,
          "isFavorite": true,
          "name": "The Grand Budapest Hotel",
          "posterImage": "the-grand-budapest-hotel-poster.jpg",
          "previewImage": "bg-the-grand-budapest-hotel.jpg",
          "previewVideoLink": "https://download.blender.org/durian/trailer/sintel_trailer-480p.mp4",
          "rating": 8.9,
          "released": 2014,
          "runTime": 99,
          "scoresCount": 240,
          "starring": Array [
            "Bill Murray",
            "Edward Norton",
            "Jude Law",
            "Willem Dafoe",
            "Saoirse Ronan",
          ],
        },
        Object {
          "backgroundColor": "#ffffff",
          "backgroundImage": "bg-the-grand-budapest-hotel.jpg",
          "description": "In the 1930s, the Grand Budapest Hotel is a popular European ski resort, presided over by concierge Gustave H. (Ralph Fiennes). Zero, a junior lobby boy, becomes Gustave's friend and protege.
  Gustave prides himself on providing first-class service to the hotel's guests, including satisfying the sexual needs of the many elderly women who stay there. When one of Gustave's lovers dies mysteriously, Gustave finds himself the recipient of a priceless painting and the chief suspect in her murder.",
          "director": "Wes Andreson",
          "genre": "Comedy",
          "id": 1,
          "isFavorite": true,
          "name": "The Grand Budapest Hotel",
          "posterImage": "the-grand-budapest-hotel-poster.jpg",
          "previewImage": "bg-the-grand-budapest-hotel.jpg",
          "previewVideoLink": "https://download.blender.org/durian/trailer/sintel_trailer-480p.mp4",
          "rating": 8.9,
          "released": 2014,
          "runTime": 99,
          "scoresCount": 240,
          "starring": Array [
            "Bill Murray",
            "Edward Norton",
            "Jude Law",
            "Willem Dafoe",
            "Saoirse Ronan",
          ],
        },
        Object {
          "backgroundColor": "#ffffff",
          "backgroundImage": "bg-the-grand-budapest-hotel.jpg",
          "description": "In the 1930s, the Grand Budapest Hotel is a popular European ski resort, presided over by concierge Gustave H. (Ralph Fiennes). Zero, a junior lobby boy, becomes Gustave's friend and protege.
  Gustave prides himself on providing first-class service to the hotel's guests, including satisfying the sexual needs of the many elderly women who stay there. When one of Gustave's lovers dies mysteriously, Gustave finds himself the recipient of a priceless painting and the chief suspect in her murder.",
          "director": "Wes Andreson",
          "genre": "Comedy",
          "id": 1,
          "isFavorite": true,
          "name": "The Grand Budapest Hotel",
          "posterImage": "the-grand-budapest-hotel-poster.jpg",
          "previewImage": "bg-the-grand-budapest-hotel.jpg",
          "previewVideoLink": "https://download.blender.org/durian/trailer/sintel_trailer-480p.mp4",
          "rating": 8.9,
          "released": 2014,
          "runTime": 99,
          "scoresCount": 240,
          "starring": Array [
            "Bill Murray",
            "Edward Norton",
            "Jude Law",
            "Willem Dafoe",
            "Saoirse Ronan",
          ],
        },
        Object {
          "backgroundColor": "#ffffff",
          "backgroundImage": "bg-the-grand-budapest-hotel.jpg",
          "description": "In the 1930s, the Grand Budapest Hotel is a popular European ski resort, presided over by concierge Gustave H. (Ralph Fiennes). Zero, a junior lobby boy, becomes Gustave's friend and protege.
  Gustave prides himself on providing first-class service to the hotel's guests, including satisfying the sexual needs of the many elderly women who stay there. When one of Gustave's lovers dies mysteriously, Gustave finds himself the recipient of a priceless painting and the chief suspect in her murder.",
          "director": "Wes Andreson",
          "genre": "Comedy",
          "id": 1,
          "isFavorite": true,
          "name": "The Grand Budapest Hotel",
          "posterImage": "the-grand-budapest-hotel-poster.jpg",
          "previewImage": "bg-the-grand-budapest-hotel.jpg",
          "previewVideoLink": "https://download.blender.org/durian/trailer/sintel_trailer-480p.mp4",
          "rating": 8.9,
          "released": 2014,
          "runTime": 99,
          "scoresCount": 240,
          "starring": Array [
            "Bill Murray",
            "Edward Norton",
            "Jude Law",
            "Willem Dafoe",
            "Saoirse Ronan",
          ],
        },
        Object {
          "backgroundColor": "#ffffff",
          "backgroundImage": "bg-the-grand-budapest-hotel.jpg",
          "description": "In the 1930s, the Grand Budapest Hotel is a popular European ski resort, presided over by concierge Gustave H. (Ralph Fiennes). Zero, a junior lobby boy, becomes Gustave's friend and protege.
  Gustave prides himself on providing first-class service to the hotel's guests, including satisfying the sexual needs of the many elderly women who stay there. When one of Gustave's lovers dies mysteriously, Gustave finds himself the recipient of a priceless painting and the chief suspect in her murder.",
          "director": "Wes Andreson",
          "genre": "Comedy",
          "id": 1,
          "isFavorite": true,
          "name": "The Grand Budapest Hotel",
          "posterImage": "the-grand-budapest-hotel-poster.jpg",
          "previewImage": "bg-the-grand-budapest-hotel.jpg",
          "previewVideoLink": "https://download.blender.org/durian/trailer/sintel_trailer-480p.mp4",
          "rating": 8.9,
          "released": 2014,
          "runTime": 99,
          "scoresCount": 240,
          "starring": Array [
            "Bill Murray",
            "Edward Norton",
            "Jude Law",
            "Willem Dafoe",
            "Saoirse Ronan",
          ],
        },
        Object {
          "backgroundColor": "#ffffff",
          "backgroundImage": "bg-the-grand-budapest-hotel.jpg",
          "description": "In the 1930s, the Grand Budapest Hotel is a popular European ski resort, presided over by concierge Gustave H. (Ralph Fiennes). Zero, a junior lobby boy, becomes Gustave's friend and protege.
  Gustave prides himself on providing first-class service to the hotel's guests, including satisfying the sexual needs of the many elderly women who stay there. When one of Gustave's lovers dies mysteriously, Gustave finds himself the recipient of a priceless painting and the chief suspect in her murder.",
          "director": "Wes Andreson",
          "genre": "Comedy",
          "id": 1,
          "isFavorite": true,
          "name": "The Grand Budapest Hotel",
          "posterImage": "the-grand-budapest-hotel-poster.jpg",
          "previewImage": "bg-the-grand-budapest-hotel.jpg",
          "previewVideoLink": "https://download.blender.org/durian/trailer/sintel_trailer-480p.mp4",
          "rating": 8.9,
          "released": 2014,
          "runTime": 99,
          "scoresCount": 240,
          "starring": Array [
            "Bill Murray",
            "Edward Norton",
            "Jude Law",
            "Willem Dafoe",
            "Saoirse Ronan",
          ],
        },
        Object {
          "backgroundColor": "#ffffff",
          "backgroundImage": "bg-the-grand-budapest-hotel.jpg",
          "description": "In the 1930s, the Grand Budapest Hotel is a popular European ski resort, presided over by concierge Gustave H. (Ralph Fiennes). Zero, a junior lobby boy, becomes Gustave's friend and protege.
  Gustave prides himself on providing first-class service to the hotel's guests, including satisfying the sexual needs of the many elderly women who stay there. When one of Gustave's lovers dies mysteriously, Gustave finds himself the recipient of a priceless painting and the chief suspect in her murder.",
          "director": "Wes Andreson",
          "genre": "Comedy",
          "id": 1,
          "isFavorite": true,
          "name": "The Grand Budapest Hotel",
          "posterImage": "the-grand-budapest-hotel-poster.jpg",
          "previewImage": "bg-the-grand-budapest-hotel.jpg",
          "previewVideoLink": "https://download.blender.org/durian/trailer/sintel_trailer-480p.mp4",
          "rating": 8.9,
          "released": 2014,
          "runTime": 99,
          "scoresCount": 240,
          "starring": Array [
            "Bill Murray",
            "Edward Norton",
            "Jude Law",
            "Willem Dafoe",
            "Saoirse Ronan",
          ],
        },
        Object {
          "backgroundColor": "#ffffff",
          "backgroundImage": "bg-the-grand-budapest-hotel.jpg",
          "description": "In the 1930s, the Grand Budapest Hotel is a popular European ski resort, presided over by concierge Gustave H. (Ralph Fiennes). Zero, a junior lobby boy, becomes Gustave's friend and protege.
  Gustave prides himself on providing first-class service to the hotel's guests, including satisfying the sexual needs of the many elderly women who stay there. When one of Gustave's lovers dies mysteriously, Gustave finds himself the recipient of a priceless painting and the chief suspect in her murder.",
          "director": "Wes Andreson",
          "genre": "Comedy",
          "id": 1,
          "isFavorite": true,
          "name": "The Grand Budapest Hotel",
          "posterImage": "the-grand-budapest-hotel-poster.jpg",
          "previewImage": "bg-the-grand-budapest-hotel.jpg",
          "previewVideoLink": "https://download.blender.org/durian/trailer/sintel_trailer-480p.mp4",
          "rating": 8.9,
          "released": 2014,
          "runTime": 99,
          "scoresCount": 240,
          "starring": Array [
            "Bill Murray",
            "Edward Norton",
            "Jude Law",
            "Willem Dafoe",
            "Saoirse Ronan",
          ],
        },
        Object {
          "backgroundColor": "#ffffff",
          "backgroundImage": "bg-the-grand-budapest-hotel.jpg",
          "description": "In the 1930s, the Grand Budapest Hotel is a popular European ski resort, presided over by concierge Gustave H. (Ralph Fiennes). Zero, a junior lobby boy, becomes Gustave's friend and protege.
  Gustave prides himself on providing first-class service to the hotel's guests, including satisfying the sexual needs of the many elderly women who stay there. When one of Gustave's lovers dies mysteriously, Gustave finds himself the recipient of a priceless painting and the chief suspect in her murder.",
          "director": "Wes Andreson",
          "genre": "Comedy",
          "id": 1,
          "isFavorite": true,
          "name": "The Grand Budapest Hotel",
          "posterImage": "the-grand-budapest-hotel-poster.jpg",
          "previewImage": "bg-the-grand-budapest-hotel.jpg",
          "previewVideoLink": "https://download.blender.org/durian/trailer/sintel_trailer-480p.mp4",
          "rating": 8.9,
          "released": 2014,
          "runTime": 99,
          "scoresCount": 240,
          "starring": Array [
            "Bill Murray",
            "Edward Norton",
            "Jude Law",
            "Willem Dafoe",
            "Saoirse Ronan",
          ],
        },
      ]
    }
    showCount={8}
  />
  <ShowMoreButton
    onShowMoreClick={[Function]}
  />
</section>
`;

exports[`Render MovieCatalog Should MovieCatalog 16 films render correctly 1`] = `
<section
  className="catalog"
>
  <h2
    className="catalog__title visually-hidden"
  >
    Catalog
  </h2>
  <MovieGenresList
    activeGenre="Action"
    genresList={
      Array [
        "Action",
        "Adventure",
        "Comedy",
        "Crime",
        "Drama",
        "Fantasy",
        "Thriller",
      ]
    }
    onGenreClick={[Function]}
  />
  <MovieList
    films={
      Array [
        Object {
          "backgroundColor": "#ffffff",
          "backgroundImage": "bg-the-grand-budapest-hotel.jpg",
          "description": "In the 1930s, the Grand Budapest Hotel is a popular European ski resort, presided over by concierge Gustave H. (Ralph Fiennes). Zero, a junior lobby boy, becomes Gustave's friend and protege.
  Gustave prides himself on providing first-class service to the hotel's guests, including satisfying the sexual needs of the many elderly women who stay there. When one of Gustave's lovers dies mysteriously, Gustave finds himself the recipient of a priceless painting and the chief suspect in her murder.",
          "director": "Wes Andreson",
          "genre": "Comedy",
          "id": 1,
          "isFavorite": true,
          "name": "The Grand Budapest Hotel",
          "posterImage": "the-grand-budapest-hotel-poster.jpg",
          "previewImage": "bg-the-grand-budapest-hotel.jpg",
          "previewVideoLink": "https://download.blender.org/durian/trailer/sintel_trailer-480p.mp4",
          "rating": 8.9,
          "released": 2014,
          "runTime": 99,
          "scoresCount": 240,
          "starring": Array [
            "Bill Murray",
            "Edward Norton",
            "Jude Law",
            "Willem Dafoe",
            "Saoirse Ronan",
          ],
        },
        Object {
          "backgroundColor": "#ffffff",
          "backgroundImage": "bg-the-grand-budapest-hotel.jpg",
          "description": "In the 1930s, the Grand Budapest Hotel is a popular European ski resort, presided over by concierge Gustave H. (Ralph Fiennes). Zero, a junior lobby boy, becomes Gustave's friend and protege.
  Gustave prides himself on providing first-class service to the hotel's guests, including satisfying the sexual needs of the many elderly women who stay there. When one of Gustave's lovers dies mysteriously, Gustave finds himself the recipient of a priceless painting and the chief suspect in her murder.",
          "director": "Wes Andreson",
          "genre": "Comedy",
          "id": 1,
          "isFavorite": true,
          "name": "The Grand Budapest Hotel",
          "posterImage": "the-grand-budapest-hotel-poster.jpg",
          "previewImage": "bg-the-grand-budapest-hotel.jpg",
          "previewVideoLink": "https://download.blender.org/durian/trailer/sintel_trailer-480p.mp4",
          "rating": 8.9,
          "released": 2014,
          "runTime": 99,
          "scoresCount": 240,
          "starring": Array [
            "Bill Murray",
            "Edward Norton",
            "Jude Law",
            "Willem Dafoe",
            "Saoirse Ronan",
          ],
        },
        Object {
          "backgroundColor": "#ffffff",
          "backgroundImage": "bg-the-grand-budapest-hotel.jpg",
          "description": "In the 1930s, the Grand Budapest Hotel is a popular European ski resort, presided over by concierge Gustave H. (Ralph Fiennes). Zero, a junior lobby boy, becomes Gustave's friend and protege.
  Gustave prides himself on providing first-class service to the hotel's guests, including satisfying the sexual needs of the many elderly women who stay there. When one of Gustave's lovers dies mysteriously, Gustave finds himself the recipient of a priceless painting and the chief suspect in her murder.",
          "director": "Wes Andreson",
          "genre": "Comedy",
          "id": 1,
          "isFavorite": true,
          "name": "The Grand Budapest Hotel",
          "posterImage": "the-grand-budapest-hotel-poster.jpg",
          "previewImage": "bg-the-grand-budapest-hotel.jpg",
          "previewVideoLink": "https://download.blender.org/durian/trailer/sintel_trailer-480p.mp4",
          "rating": 8.9,
          "released": 2014,
          "runTime": 99,
          "scoresCount": 240,
          "starring": Array [
            "Bill Murray",
            "Edward Norton",
            "Jude Law",
            "Willem Dafoe",
            "Saoirse Ronan",
          ],
        },
        Object {
          "backgroundColor": "#ffffff",
          "backgroundImage": "bg-the-grand-budapest-hotel.jpg",
          "description": "In the 1930s, the Grand Budapest Hotel is a popular European ski resort, presided over by concierge Gustave H. (Ralph Fiennes). Zero, a junior lobby boy, becomes Gustave's friend and protege.
  Gustave prides himself on providing first-class service to the hotel's guests, including satisfying the sexual needs of the many elderly women who stay there. When one of Gustave's lovers dies mysteriously, Gustave finds himself the recipient of a priceless painting and the chief suspect in her murder.",
          "director": "Wes Andreson",
          "genre": "Comedy",
          "id": 1,
          "isFavorite": true,
          "name": "The Grand Budapest Hotel",
          "posterImage": "the-grand-budapest-hotel-poster.jpg",
          "previewImage": "bg-the-grand-budapest-hotel.jpg",
          "previewVideoLink": "https://download.blender.org/durian/trailer/sintel_trailer-480p.mp4",
          "rating": 8.9,
          "released": 2014,
          "runTime": 99,
          "scoresCount": 240,
          "starring": Array [
            "Bill Murray",
            "Edward Norton",
            "Jude Law",
            "Willem Dafoe",
            "Saoirse Ronan",
          ],
        },
        Object {
          "backgroundColor": "#ffffff",
          "backgroundImage": "bg-the-grand-budapest-hotel.jpg",
          "description": "In the 1930s, the Grand Budapest Hotel is a popular European ski resort, presided over by concierge Gustave H. (Ralph Fiennes). Zero, a junior lobby boy, becomes Gustave's friend and protege.
  Gustave prides himself on providing first-class service to the hotel's guests, including satisfying the sexual needs of the many elderly women who stay there. When one of Gustave's lovers dies mysteriously, Gustave finds himself the recipient of a priceless painting and the chief suspect in her murder.",
          "director": "Wes Andreson",
          "genre": "Comedy",
          "id": 1,
          "isFavorite": true,
          "name": "The Grand Budapest Hotel",
          "posterImage": "the-grand-budapest-hotel-poster.jpg",
          "previewImage": "bg-the-grand-budapest-hotel.jpg",
          "previewVideoLink": "https://download.blender.org/durian/trailer/sintel_trailer-480p.mp4",
          "rating": 8.9,
          "released": 2014,
          "runTime": 99,
          "scoresCount": 240,
          "starring": Array [
            "Bill Murray",
            "Edward Norton",
            "Jude Law",
            "Willem Dafoe",
            "Saoirse Ronan",
          ],
        },
        Object {
          "backgroundColor": "#ffffff",
          "backgroundImage": "bg-the-grand-budapest-hotel.jpg",
          "description": "In the 1930s, the Grand Budapest Hotel is a popular European ski resort, presided over by concierge Gustave H. (Ralph Fiennes). Zero, a junior lobby boy, becomes Gustave's friend and protege.
  Gustave prides himself on providing first-class service to the hotel's guests, including satisfying the sexual needs of the many elderly women who stay there. When one of Gustave's lovers dies mysteriously, Gustave finds himself the recipient of a priceless painting and the chief suspect in her murder.",
          "director": "Wes Andreson",
          "genre": "Comedy",
          "id": 1,
          "isFavorite": true,
          "name": "The Grand Budapest Hotel",
          "posterImage": "the-grand-budapest-hotel-poster.jpg",
          "previewImage": "bg-the-grand-budapest-hotel.jpg",
          "previewVideoLink": "https://download.blender.org/durian/trailer/sintel_trailer-480p.mp4",
          "rating": 8.9,
          "released": 2014,
          "runTime": 99,
          "scoresCount": 240,
          "starring": Array [
            "Bill Murray",
            "Edward Norton",
            "Jude Law",
            "Willem Dafoe",
            "Saoirse Ronan",
          ],
        },
        Object {
          "backgroundColor": "#ffffff",
          "backgroundImage": "bg-the-grand-budapest-hotel.jpg",
          "description": "In the 1930s, the Grand Budapest Hotel is a popular European ski resort, presided over by concierge Gustave H. (Ralph Fiennes). Zero, a junior lobby boy, becomes Gustave's friend and protege.
  Gustave prides himself on providing first-class service to the hotel's guests, including satisfying the sexual needs of the many elderly women who stay there. When one of Gustave's lovers dies mysteriously, Gustave finds himself the recipient of a priceless painting and the chief suspect in her murder.",
          "director": "Wes Andreson",
          "genre": "Comedy",
          "id": 1,
          "isFavorite": true,
          "name": "The Grand Budapest Hotel",
          "posterImage": "the-grand-budapest-hotel-poster.jpg",
          "previewImage": "bg-the-grand-budapest-hotel.jpg",
          "previewVideoLink": "https://download.blender.org/durian/trailer/sintel_trailer-480p.mp4",
          "rating": 8.9,
          "released": 2014,
          "runTime": 99,
          "scoresCount": 240,
          "starring": Array [
            "Bill Murray",
            "Edward Norton",
            "Jude Law",
            "Willem Dafoe",
            "Saoirse Ronan",
          ],
        },
        Object {
          "backgroundColor": "#ffffff",
          "backgroundImage": "bg-the-grand-budapest-hotel.jpg",
          "description": "In the 1930s, the Grand Budapest Hotel is a popular European ski resort, presided over by concierge Gustave H. (Ralph Fiennes). Zero, a junior lobby boy, becomes Gustave's friend and protege.
  Gustave prides himself on providing first-class service to the hotel's guests, including satisfying the sexual needs of the many elderly women who stay there. When one of Gustave's lovers dies mysteriously, Gustave finds himself the recipient of a priceless painting and the chief suspect in her murder.",
          "director": "Wes Andreson",
          "genre": "Comedy",
          "id": 1,
          "isFavorite": true,
          "name": "The Grand Budapest Hotel",
          "posterImage": "the-grand-budapest-hotel-poster.jpg",
          "previewImage": "bg-the-grand-budapest-hotel.jpg",
          "previewVideoLink": "https://download.blender.org/durian/trailer/sintel_trailer-480p.mp4",
          "rating": 8.9,
          "released": 2014,
          "runTime": 99,
          "scoresCount": 240,
          "starring": Array [
            "Bill Murray",
            "Edward Norton",
            "Jude Law",
            "Willem Dafoe",
            "Saoirse Ronan",
          ],
        },
        Object {
          "backgroundColor": "#ffffff",
          "backgroundImage": "bg-the-grand-budapest-hotel.jpg",
          "description": "In the 1930s, the Grand Budapest Hotel is a popular European ski resort, presided over by concierge Gustave H. (Ralph Fiennes). Zero, a junior lobby boy, becomes Gustave's friend and protege.
  Gustave prides himself on providing first-class service to the hotel's guests, including satisfying the sexual needs of the many elderly women who stay there. When one of Gustave's lovers dies mysteriously, Gustave finds himself the recipient of a priceless painting and the chief suspect in her murder.",
          "director": "Wes Andreson",
          "genre": "Comedy",
          "id": 1,
          "isFavorite": true,
          "name": "The Grand Budapest Hotel",
          "posterImage": "the-grand-budapest-hotel-poster.jpg",
          "previewImage": "bg-the-grand-budapest-hotel.jpg",
          "previewVideoLink": "https://download.blender.org/durian/trailer/sintel_trailer-480p.mp4",
          "rating": 8.9,
          "released": 2014,
          "runTime": 99,
          "scoresCount": 240,
          "starring": Array [
            "Bill Murray",
            "Edward Norton",
            "Jude Law",
            "Willem Dafoe",
            "Saoirse Ronan",
          ],
        },
        Object {
          "backgroundColor": "#ffffff",
          "backgroundImage": "bg-the-grand-budapest-hotel.jpg",
          "description": "In the 1930s, the Grand Budapest Hotel is a popular European ski resort, presided over by concierge Gustave H. (Ralph Fiennes). Zero, a junior lobby boy, becomes Gustave's friend and protege.
  Gustave prides himself on providing first-class service to the hotel's guests, including satisfying the sexual needs of the many elderly women who stay there. When one of Gustave's lovers dies mysteriously, Gustave finds himself the recipient of a priceless painting and the chief suspect in her murder.",
          "director": "Wes Andreson",
          "genre": "Comedy",
          "id": 1,
          "isFavorite": true,
          "name": "The Grand Budapest Hotel",
          "posterImage": "the-grand-budapest-hotel-poster.jpg",
          "previewImage": "bg-the-grand-budapest-hotel.jpg",
          "previewVideoLink": "https://download.blender.org/durian/trailer/sintel_trailer-480p.mp4",
          "rating": 8.9,
          "released": 2014,
          "runTime": 99,
          "scoresCount": 240,
          "starring": Array [
            "Bill Murray",
            "Edward Norton",
            "Jude Law",
            "Willem Dafoe",
            "Saoirse Ronan",
          ],
        },
      ]
    }
    showCount={16}
  />
  
</section>
`;
