// Jest Snapshot v1, https://goo.gl/fbAQLP

exports[`Should Footer render correctly 1`] = `
<footer
  className="page-footer"
>
  <Logo
    className="logo__link--light"
  />
  <div
    className="copyright"
  >
    <p>
      Â© 2019 What to watch Ltd.
    </p>
  </div>
</footer>
`;
