// Jest Snapshot v1, https://goo.gl/fbAQLP

exports[`Render MovieScreen Should MovieScreen isUserLogged render correctly 1`] = `
<React.Fragment>
  <section
    className="movie-card movie-card--full"
    style={
      Object {
        "backgroundColor": "#ffffff",
      }
    }
  >
    <div
      className="movie-card__hero"
    >
      <div
        className="movie-card__bg"
      >
        <img
          alt="The Grand Budapest Hotel"
          src="bg-the-grand-budapest-hotel.jpg"
        />
      </div>
      <h1
        className="visually-hidden"
      >
        WTW
      </h1>
      <Header
        className="movie-card__head"
      />
      <div
        className="movie-card__wrap"
      >
        <MovieMenu
          film={
            Object {
              "backgroundColor": "#ffffff",
              "backgroundImage": "bg-the-grand-budapest-hotel.jpg",
              "description": "In the 1930s, the Grand Budapest Hotel is a popular European ski resort, presided over by concierge Gustave H. (Ralph Fiennes). Zero, a junior lobby boy, becomes Gustave's friend and protege.
  Gustave prides himself on providing first-class service to the hotel's guests, including satisfying the sexual needs of the many elderly women who stay there. When one of Gustave's lovers dies mysteriously, Gustave finds himself the recipient of a priceless painting and the chief suspect in her murder.",
              "director": "Wes Andreson",
              "genre": "Comedy",
              "id": 1,
              "isFavorite": true,
              "name": "The Grand Budapest Hotel",
              "posterImage": "the-grand-budapest-hotel-poster.jpg",
              "previewImage": "bg-the-grand-budapest-hotel.jpg",
              "previewVideoLink": "https://download.blender.org/durian/trailer/sintel_trailer-480p.mp4",
              "rating": 8.9,
              "released": 2014,
              "runTime": 99,
              "scoresCount": 240,
              "starring": Array [
                "Bill Murray",
                "Edward Norton",
                "Jude Law",
                "Willem Dafoe",
                "Saoirse Ronan",
              ],
            }
          }
          isUserLogged={false}
        />
      </div>
    </div>
    <div
      className="movie-card__wrap movie-card__translate-top"
    >
      <div
        className="movie-card__info"
      >
        <div
          className="movie-card__poster movie-card__poster--big"
        >
          <img
            alt="The Grand Budapest Hotel poster"
            height="327"
            src="the-grand-budapest-hotel-poster.jpg"
            width="218"
          />
        </div>
        <div
          className="movie-card__desc"
        >
          <Memo
            film={
              Object {
                "backgroundColor": "#ffffff",
                "backgroundImage": "bg-the-grand-budapest-hotel.jpg",
                "description": "In the 1930s, the Grand Budapest Hotel is a popular European ski resort, presided over by concierge Gustave H. (Ralph Fiennes). Zero, a junior lobby boy, becomes Gustave's friend and protege.
  Gustave prides himself on providing first-class service to the hotel's guests, including satisfying the sexual needs of the many elderly women who stay there. When one of Gustave's lovers dies mysteriously, Gustave finds himself the recipient of a priceless painting and the chief suspect in her murder.",
                "director": "Wes Andreson",
                "genre": "Comedy",
                "id": 1,
                "isFavorite": true,
                "name": "The Grand Budapest Hotel",
                "posterImage": "the-grand-budapest-hotel-poster.jpg",
                "previewImage": "bg-the-grand-budapest-hotel.jpg",
                "previewVideoLink": "https://download.blender.org/durian/trailer/sintel_trailer-480p.mp4",
                "rating": 8.9,
                "released": 2014,
                "runTime": 99,
                "scoresCount": 240,
                "starring": Array [
                  "Bill Murray",
                  "Edward Norton",
                  "Jude Law",
                  "Willem Dafoe",
                  "Saoirse Ronan",
                ],
              }
            }
            reviews={
              Array [
                Object {
                  "comment": "Discerning travellers and Wes Anderson fans will luxuriate in the glorious Mittel-European kitsch of one of the director's funniest and most exquisitely designed movies in years.",
                  "date": "2019-05-08T14:13:56.569Z",
                  "id": 1,
                  "rating": 8.9,
                  "user": Object {
                    "id": 4,
                    "name": "Kate Muir",
                  },
                },
                Object {
                  "comment": "The mannered, madcap proceedings are often delightful, occasionally silly, and here and there, gruesome and/or heartbreaking.",
                  "date": "2019-08-08T17:40:56.569Z",
                  "id": 2,
                  "rating": 9.1,
                  "user": Object {
                    "id": 5,
                    "name": "Paula Fleri-Soler",
                  },
                },
              ]
            }
          />
        </div>
      </div>
    </div>
  </section>
  <div
    className="page-content"
  >
    <section
      className="catalog catalog--like-this"
    >
      <h2
        className="catalog__title"
      >
        More like this
      </h2>
      <MovieList
        films={
          Array [
            Object {
              "backgroundColor": "#ffffff",
              "backgroundImage": "bg-the-grand-budapest-hotel.jpg",
              "description": "In the 1930s, the Grand Budapest Hotel is a popular European ski resort, presided over by concierge Gustave H. (Ralph Fiennes). Zero, a junior lobby boy, becomes Gustave's friend and protege.
  Gustave prides himself on providing first-class service to the hotel's guests, including satisfying the sexual needs of the many elderly women who stay there. When one of Gustave's lovers dies mysteriously, Gustave finds himself the recipient of a priceless painting and the chief suspect in her murder.",
              "director": "Wes Andreson",
              "genre": "Comedy",
              "id": 1,
              "isFavorite": true,
              "name": "The Grand Budapest Hotel",
              "posterImage": "the-grand-budapest-hotel-poster.jpg",
              "previewImage": "bg-the-grand-budapest-hotel.jpg",
              "previewVideoLink": "https://download.blender.org/durian/trailer/sintel_trailer-480p.mp4",
              "rating": 8.9,
              "released": 2014,
              "runTime": 99,
              "scoresCount": 240,
              "starring": Array [
                "Bill Murray",
                "Edward Norton",
                "Jude Law",
                "Willem Dafoe",
                "Saoirse Ronan",
              ],
            },
            Object {
              "backgroundColor": "#ffffff",
              "backgroundImage": "bg-the-grand-budapest-hotel.jpg",
              "description": "In the 1930s, the Grand Budapest Hotel is a popular European ski resort, presided over by concierge Gustave H. (Ralph Fiennes). Zero, a junior lobby boy, becomes Gustave's friend and protege.
  Gustave prides himself on providing first-class service to the hotel's guests, including satisfying the sexual needs of the many elderly women who stay there. When one of Gustave's lovers dies mysteriously, Gustave finds himself the recipient of a priceless painting and the chief suspect in her murder.",
              "director": "Wes Andreson",
              "genre": "Comedy",
              "id": 1,
              "isFavorite": true,
              "name": "The Grand Budapest Hotel",
              "posterImage": "the-grand-budapest-hotel-poster.jpg",
              "previewImage": "bg-the-grand-budapest-hotel.jpg",
              "previewVideoLink": "https://download.blender.org/durian/trailer/sintel_trailer-480p.mp4",
              "rating": 8.9,
              "released": 2014,
              "runTime": 99,
              "scoresCount": 240,
              "starring": Array [
                "Bill Murray",
                "Edward Norton",
                "Jude Law",
                "Willem Dafoe",
                "Saoirse Ronan",
              ],
            },
            Object {
              "backgroundColor": "#ffffff",
              "backgroundImage": "bg-the-grand-budapest-hotel.jpg",
              "description": "In the 1930s, the Grand Budapest Hotel is a popular European ski resort, presided over by concierge Gustave H. (Ralph Fiennes). Zero, a junior lobby boy, becomes Gustave's friend and protege.
  Gustave prides himself on providing first-class service to the hotel's guests, including satisfying the sexual needs of the many elderly women who stay there. When one of Gustave's lovers dies mysteriously, Gustave finds himself the recipient of a priceless painting and the chief suspect in her murder.",
              "director": "Wes Andreson",
              "genre": "Comedy",
              "id": 1,
              "isFavorite": true,
              "name": "The Grand Budapest Hotel",
              "posterImage": "the-grand-budapest-hotel-poster.jpg",
              "previewImage": "bg-the-grand-budapest-hotel.jpg",
              "previewVideoLink": "https://download.blender.org/durian/trailer/sintel_trailer-480p.mp4",
              "rating": 8.9,
              "released": 2014,
              "runTime": 99,
              "scoresCount": 240,
              "starring": Array [
                "Bill Murray",
                "Edward Norton",
                "Jude Law",
                "Willem Dafoe",
                "Saoirse Ronan",
              ],
            },
            Object {
              "backgroundColor": "#ffffff",
              "backgroundImage": "bg-the-grand-budapest-hotel.jpg",
              "description": "In the 1930s, the Grand Budapest Hotel is a popular European ski resort, presided over by concierge Gustave H. (Ralph Fiennes). Zero, a junior lobby boy, becomes Gustave's friend and protege.
  Gustave prides himself on providing first-class service to the hotel's guests, including satisfying the sexual needs of the many elderly women who stay there. When one of Gustave's lovers dies mysteriously, Gustave finds himself the recipient of a priceless painting and the chief suspect in her murder.",
              "director": "Wes Andreson",
              "genre": "Comedy",
              "id": 1,
              "isFavorite": true,
              "name": "The Grand Budapest Hotel",
              "posterImage": "the-grand-budapest-hotel-poster.jpg",
              "previewImage": "bg-the-grand-budapest-hotel.jpg",
              "previewVideoLink": "https://download.blender.org/durian/trailer/sintel_trailer-480p.mp4",
              "rating": 8.9,
              "released": 2014,
              "runTime": 99,
              "scoresCount": 240,
              "starring": Array [
                "Bill Murray",
                "Edward Norton",
                "Jude Law",
                "Willem Dafoe",
                "Saoirse Ronan",
              ],
            },
          ]
        }
        showCount={4}
      />
    </section>
    <Footer />
  </div>
</React.Fragment>
`;

exports[`Render MovieScreen Should MovieScreen render correctly 1`] = `
<React.Fragment>
  <section
    className="movie-card movie-card--full"
    style={
      Object {
        "backgroundColor": "#ffffff",
      }
    }
  >
    <div
      className="movie-card__hero"
    >
      <div
        className="movie-card__bg"
      >
        <img
          alt="The Grand Budapest Hotel"
          src="bg-the-grand-budapest-hotel.jpg"
        />
      </div>
      <h1
        className="visually-hidden"
      >
        WTW
      </h1>
      <Header
        className="movie-card__head"
      />
      <div
        className="movie-card__wrap"
      >
        <MovieMenu
          film={
            Object {
              "backgroundColor": "#ffffff",
              "backgroundImage": "bg-the-grand-budapest-hotel.jpg",
              "description": "In the 1930s, the Grand Budapest Hotel is a popular European ski resort, presided over by concierge Gustave H. (Ralph Fiennes). Zero, a junior lobby boy, becomes Gustave's friend and protege.
  Gustave prides himself on providing first-class service to the hotel's guests, including satisfying the sexual needs of the many elderly women who stay there. When one of Gustave's lovers dies mysteriously, Gustave finds himself the recipient of a priceless painting and the chief suspect in her murder.",
              "director": "Wes Andreson",
              "genre": "Comedy",
              "id": 1,
              "isFavorite": true,
              "name": "The Grand Budapest Hotel",
              "posterImage": "the-grand-budapest-hotel-poster.jpg",
              "previewImage": "bg-the-grand-budapest-hotel.jpg",
              "previewVideoLink": "https://download.blender.org/durian/trailer/sintel_trailer-480p.mp4",
              "rating": 8.9,
              "released": 2014,
              "runTime": 99,
              "scoresCount": 240,
              "starring": Array [
                "Bill Murray",
                "Edward Norton",
                "Jude Law",
                "Willem Dafoe",
                "Saoirse Ronan",
              ],
            }
          }
          isUserLogged={false}
        />
      </div>
    </div>
    <div
      className="movie-card__wrap movie-card__translate-top"
    >
      <div
        className="movie-card__info"
      >
        <div
          className="movie-card__poster movie-card__poster--big"
        >
          <img
            alt="The Grand Budapest Hotel poster"
            height="327"
            src="the-grand-budapest-hotel-poster.jpg"
            width="218"
          />
        </div>
        <div
          className="movie-card__desc"
        >
          <Memo
            film={
              Object {
                "backgroundColor": "#ffffff",
                "backgroundImage": "bg-the-grand-budapest-hotel.jpg",
                "description": "In the 1930s, the Grand Budapest Hotel is a popular European ski resort, presided over by concierge Gustave H. (Ralph Fiennes). Zero, a junior lobby boy, becomes Gustave's friend and protege.
  Gustave prides himself on providing first-class service to the hotel's guests, including satisfying the sexual needs of the many elderly women who stay there. When one of Gustave's lovers dies mysteriously, Gustave finds himself the recipient of a priceless painting and the chief suspect in her murder.",
                "director": "Wes Andreson",
                "genre": "Comedy",
                "id": 1,
                "isFavorite": true,
                "name": "The Grand Budapest Hotel",
                "posterImage": "the-grand-budapest-hotel-poster.jpg",
                "previewImage": "bg-the-grand-budapest-hotel.jpg",
                "previewVideoLink": "https://download.blender.org/durian/trailer/sintel_trailer-480p.mp4",
                "rating": 8.9,
                "released": 2014,
                "runTime": 99,
                "scoresCount": 240,
                "starring": Array [
                  "Bill Murray",
                  "Edward Norton",
                  "Jude Law",
                  "Willem Dafoe",
                  "Saoirse Ronan",
                ],
              }
            }
            reviews={
              Array [
                Object {
                  "comment": "Discerning travellers and Wes Anderson fans will luxuriate in the glorious Mittel-European kitsch of one of the director's funniest and most exquisitely designed movies in years.",
                  "date": "2019-05-08T14:13:56.569Z",
                  "id": 1,
                  "rating": 8.9,
                  "user": Object {
                    "id": 4,
                    "name": "Kate Muir",
                  },
                },
                Object {
                  "comment": "The mannered, madcap proceedings are often delightful, occasionally silly, and here and there, gruesome and/or heartbreaking.",
                  "date": "2019-08-08T17:40:56.569Z",
                  "id": 2,
                  "rating": 9.1,
                  "user": Object {
                    "id": 5,
                    "name": "Paula Fleri-Soler",
                  },
                },
              ]
            }
          />
        </div>
      </div>
    </div>
  </section>
  <div
    className="page-content"
  >
    <section
      className="catalog catalog--like-this"
    >
      <h2
        className="catalog__title"
      >
        More like this
      </h2>
      <MovieList
        films={
          Array [
            Object {
              "backgroundColor": "#ffffff",
              "backgroundImage": "bg-the-grand-budapest-hotel.jpg",
              "description": "In the 1930s, the Grand Budapest Hotel is a popular European ski resort, presided over by concierge Gustave H. (Ralph Fiennes). Zero, a junior lobby boy, becomes Gustave's friend and protege.
  Gustave prides himself on providing first-class service to the hotel's guests, including satisfying the sexual needs of the many elderly women who stay there. When one of Gustave's lovers dies mysteriously, Gustave finds himself the recipient of a priceless painting and the chief suspect in her murder.",
              "director": "Wes Andreson",
              "genre": "Comedy",
              "id": 1,
              "isFavorite": true,
              "name": "The Grand Budapest Hotel",
              "posterImage": "the-grand-budapest-hotel-poster.jpg",
              "previewImage": "bg-the-grand-budapest-hotel.jpg",
              "previewVideoLink": "https://download.blender.org/durian/trailer/sintel_trailer-480p.mp4",
              "rating": 8.9,
              "released": 2014,
              "runTime": 99,
              "scoresCount": 240,
              "starring": Array [
                "Bill Murray",
                "Edward Norton",
                "Jude Law",
                "Willem Dafoe",
                "Saoirse Ronan",
              ],
            },
            Object {
              "backgroundColor": "#ffffff",
              "backgroundImage": "bg-the-grand-budapest-hotel.jpg",
              "description": "In the 1930s, the Grand Budapest Hotel is a popular European ski resort, presided over by concierge Gustave H. (Ralph Fiennes). Zero, a junior lobby boy, becomes Gustave's friend and protege.
  Gustave prides himself on providing first-class service to the hotel's guests, including satisfying the sexual needs of the many elderly women who stay there. When one of Gustave's lovers dies mysteriously, Gustave finds himself the recipient of a priceless painting and the chief suspect in her murder.",
              "director": "Wes Andreson",
              "genre": "Comedy",
              "id": 1,
              "isFavorite": true,
              "name": "The Grand Budapest Hotel",
              "posterImage": "the-grand-budapest-hotel-poster.jpg",
              "previewImage": "bg-the-grand-budapest-hotel.jpg",
              "previewVideoLink": "https://download.blender.org/durian/trailer/sintel_trailer-480p.mp4",
              "rating": 8.9,
              "released": 2014,
              "runTime": 99,
              "scoresCount": 240,
              "starring": Array [
                "Bill Murray",
                "Edward Norton",
                "Jude Law",
                "Willem Dafoe",
                "Saoirse Ronan",
              ],
            },
            Object {
              "backgroundColor": "#ffffff",
              "backgroundImage": "bg-the-grand-budapest-hotel.jpg",
              "description": "In the 1930s, the Grand Budapest Hotel is a popular European ski resort, presided over by concierge Gustave H. (Ralph Fiennes). Zero, a junior lobby boy, becomes Gustave's friend and protege.
  Gustave prides himself on providing first-class service to the hotel's guests, including satisfying the sexual needs of the many elderly women who stay there. When one of Gustave's lovers dies mysteriously, Gustave finds himself the recipient of a priceless painting and the chief suspect in her murder.",
              "director": "Wes Andreson",
              "genre": "Comedy",
              "id": 1,
              "isFavorite": true,
              "name": "The Grand Budapest Hotel",
              "posterImage": "the-grand-budapest-hotel-poster.jpg",
              "previewImage": "bg-the-grand-budapest-hotel.jpg",
              "previewVideoLink": "https://download.blender.org/durian/trailer/sintel_trailer-480p.mp4",
              "rating": 8.9,
              "released": 2014,
              "runTime": 99,
              "scoresCount": 240,
              "starring": Array [
                "Bill Murray",
                "Edward Norton",
                "Jude Law",
                "Willem Dafoe",
                "Saoirse Ronan",
              ],
            },
            Object {
              "backgroundColor": "#ffffff",
              "backgroundImage": "bg-the-grand-budapest-hotel.jpg",
              "description": "In the 1930s, the Grand Budapest Hotel is a popular European ski resort, presided over by concierge Gustave H. (Ralph Fiennes). Zero, a junior lobby boy, becomes Gustave's friend and protege.
  Gustave prides himself on providing first-class service to the hotel's guests, including satisfying the sexual needs of the many elderly women who stay there. When one of Gustave's lovers dies mysteriously, Gustave finds himself the recipient of a priceless painting and the chief suspect in her murder.",
              "director": "Wes Andreson",
              "genre": "Comedy",
              "id": 1,
              "isFavorite": true,
              "name": "The Grand Budapest Hotel",
              "posterImage": "the-grand-budapest-hotel-poster.jpg",
              "previewImage": "bg-the-grand-budapest-hotel.jpg",
              "previewVideoLink": "https://download.blender.org/durian/trailer/sintel_trailer-480p.mp4",
              "rating": 8.9,
              "released": 2014,
              "runTime": 99,
              "scoresCount": 240,
              "starring": Array [
                "Bill Murray",
                "Edward Norton",
                "Jude Law",
                "Willem Dafoe",
                "Saoirse Ronan",
              ],
            },
          ]
        }
        showCount={4}
      />
    </section>
    <Footer />
  </div>
</React.Fragment>
`;
