// Jest Snapshot v1, https://goo.gl/fbAQLP

exports[`Should AddReviewScreen render correctly 1`] = `
<section
  className="movie-card movie-card--full"
>
  <div
    className="movie-card__header"
  >
    <div
      className="movie-card__bg"
    >
      <img
        alt="The Grand Budapest Hotel"
        src="bg-the-grand-budapest-hotel.jpg"
      />
    </div>
    <h1
      className="visually-hidden"
    >
      WTW
    </h1>
    <Header>
      <nav
        className="breadcrumbs"
      >
        <ul
          className="breadcrumbs__list"
        >
          <li
            className="breadcrumbs__item"
          >
            <Link
              className="breadcrumbs__link"
              to="/films/1"
            >
              The Grand Budapest Hotel
            </Link>
          </li>
          <li
            className="breadcrumbs__item"
          >
            <a
              className="breadcrumbs__link"
            >
              Add review
            </a>
          </li>
        </ul>
      </nav>
    </Header>
    <div
      className="movie-card__poster movie-card__poster--small"
    >
      <img
        alt="The Grand Budapest Hotel poster"
        height="327"
        src="the-grand-budapest-hotel-poster.jpg"
        width="218"
      />
    </div>
  </div>
  <div
    className="add-review"
  >
    <Memo(Connect(AddReviewForm))
      id={1}
    />
  </div>
</section>
`;
